{
  "symbols": [
    {
      "name": "", 
      "debugName": "@This()", 
      "declNode": "root", 
      "scope": semantic.id.NominalId(u32)(0), 
      "flags": {"s_comptime":false,"s_const":true,"s_member":false,"s_fn":false,"s_catch_param":false}, 
      "references": [
        
      ], 
      "members": [1,2,3,4,5,6,7,8,9,10,11,12,13,14], 
      "exports": [], 
      
    }, {
      "name": "empty", 
      "debugName": "", 
      "declNode": "fn_decl", 
      "scope": semantic.id.NominalId(u32)(0), 
      "flags": {"s_comptime":false,"s_const":false,"s_member":false,"s_fn":true,"s_catch_param":false}, 
      "references": [
        
      ], 
      "members": [], 
      "exports": [], 
      
    }, {
      "name": "x", 
      "debugName": "", 
      "declNode": "simple_var_decl", 
      "scope": semantic.id.NominalId(u32)(3), 
      "flags": {"s_comptime":false,"s_const":false,"s_member":false,"s_fn":false,"s_catch_param":false}, 
      "references": [
        {"symbol":2,"scope":3,"node":"identifier","identifier":"x","flags":{"read":true,"write":false,"call":false,"type":false,"member":false,"_":0}}, 
        
      ], 
      "members": [], 
      "exports": [], 
      
    }, {
      "name": "one", 
      "debugName": "", 
      "declNode": "fn_decl", 
      "scope": semantic.id.NominalId(u32)(0), 
      "flags": {"s_comptime":false,"s_const":false,"s_member":false,"s_fn":true,"s_catch_param":false}, 
      "references": [
        
      ], 
      "members": [], 
      "exports": [], 
      
    }, {
      "name": "y", 
      "debugName": "", 
      "declNode": "simple_var_decl", 
      "scope": semantic.id.NominalId(u32)(7), 
      "flags": {"s_comptime":false,"s_const":false,"s_member":false,"s_fn":false,"s_catch_param":false}, 
      "references": [
        {"symbol":4,"scope":8,"node":"identifier","identifier":"y","flags":{"read":false,"write":true,"call":false,"type":false,"member":false,"_":0}}, 
        
      ], 
      "members": [], 
      "exports": [], 
      
    }, {
      "name": "two", 
      "debugName": "", 
      "declNode": "fn_decl", 
      "scope": semantic.id.NominalId(u32)(0), 
      "flags": {"s_comptime":false,"s_const":false,"s_member":false,"s_fn":true,"s_catch_param":false}, 
      "references": [
        
      ], 
      "members": [], 
      "exports": [], 
      
    }, {
      "name": "z", 
      "debugName": "", 
      "declNode": "simple_var_decl", 
      "scope": semantic.id.NominalId(u32)(11), 
      "flags": {"s_comptime":false,"s_const":false,"s_member":false,"s_fn":false,"s_catch_param":false}, 
      "references": [
        {"symbol":6,"scope":12,"node":"identifier","identifier":"z","flags":{"read":false,"write":true,"call":false,"type":false,"member":false,"_":0}}, 
        
      ], 
      "members": [], 
      "exports": [], 
      
    }, {
      "name": "a", 
      "debugName": "", 
      "declNode": "simple_var_decl", 
      "scope": semantic.id.NominalId(u32)(12), 
      "flags": {"s_comptime":false,"s_const":false,"s_member":false,"s_fn":false,"s_catch_param":false}, 
      "references": [
        {"symbol":7,"scope":12,"node":"identifier","identifier":"a","flags":{"read":true,"write":false,"call":false,"type":false,"member":false,"_":0}}, 
        
      ], 
      "members": [], 
      "exports": [], 
      
    }, {
      "name": "many", 
      "debugName": "", 
      "declNode": "fn_decl", 
      "scope": semantic.id.NominalId(u32)(0), 
      "flags": {"s_comptime":false,"s_const":false,"s_member":false,"s_fn":true,"s_catch_param":false}, 
      "references": [
        
      ], 
      "members": [], 
      "exports": [], 
      
    }, {
      "name": "a", 
      "debugName": "", 
      "declNode": "simple_var_decl", 
      "scope": semantic.id.NominalId(u32)(15), 
      "flags": {"s_comptime":false,"s_const":false,"s_member":false,"s_fn":false,"s_catch_param":false}, 
      "references": [
        {"symbol":9,"scope":16,"node":"identifier","identifier":"a","flags":{"read":true,"write":true,"call":false,"type":false,"member":false,"_":0}}, 
        
      ], 
      "members": [], 
      "exports": [], 
      
    }, {
      "name": "b", 
      "debugName": "", 
      "declNode": "simple_var_decl", 
      "scope": semantic.id.NominalId(u32)(16), 
      "flags": {"s_comptime":false,"s_const":false,"s_member":false,"s_fn":false,"s_catch_param":false}, 
      "references": [
        {"symbol":10,"scope":16,"node":"identifier","identifier":"b","flags":{"read":true,"write":false,"call":false,"type":false,"member":false,"_":0}}, 
        
      ], 
      "members": [], 
      "exports": [], 
      
    }, {
      "name": "c", 
      "debugName": "", 
      "declNode": "simple_var_decl", 
      "scope": semantic.id.NominalId(u32)(16), 
      "flags": {"s_comptime":false,"s_const":false,"s_member":false,"s_fn":false,"s_catch_param":false}, 
      "references": [
        {"symbol":11,"scope":16,"node":"identifier","identifier":"c","flags":{"read":true,"write":false,"call":false,"type":false,"member":false,"_":0}}, 
        
      ], 
      "members": [], 
      "exports": [], 
      
    }, {
      "name": "d", 
      "debugName": "", 
      "declNode": "simple_var_decl", 
      "scope": semantic.id.NominalId(u32)(16), 
      "flags": {"s_comptime":false,"s_const":false,"s_member":false,"s_fn":false,"s_catch_param":false}, 
      "references": [
        {"symbol":12,"scope":16,"node":"identifier","identifier":"d","flags":{"read":true,"write":false,"call":false,"type":false,"member":false,"_":0}}, 
        
      ], 
      "members": [], 
      "exports": [], 
      
    }, {
      "name": "e", 
      "debugName": "", 
      "declNode": "simple_var_decl", 
      "scope": semantic.id.NominalId(u32)(16), 
      "flags": {"s_comptime":false,"s_const":false,"s_member":false,"s_fn":false,"s_catch_param":false}, 
      "references": [
        {"symbol":13,"scope":16,"node":"identifier","identifier":"e","flags":{"read":true,"write":false,"call":false,"type":false,"member":false,"_":0}}, 
        
      ], 
      "members": [], 
      "exports": [], 
      
    }, {
      "name": "f", 
      "debugName": "", 
      "declNode": "simple_var_decl", 
      "scope": semantic.id.NominalId(u32)(16), 
      "flags": {"s_comptime":false,"s_const":false,"s_member":false,"s_fn":false,"s_catch_param":false}, 
      "references": [
        {"symbol":14,"scope":16,"node":"identifier","identifier":"f","flags":{"read":true,"write":false,"call":false,"type":false,"member":false,"_":0}}, 
        
      ], 
      "members": [], 
      "exports": [], 
      
    }, 
  ], 
  "unresolvedReferences": [],
  "scopes": {
    "id": semantic.id.NominalId(u32)(0), 
    "flags": [
      "top", 
      
    ], 
    "bindings": {
      "@This()": 0, 
      "empty": 1, 
      "one": 3, 
      "two": 5, 
      "many": 8, 
      
    }, "children": [
      {
        "id": semantic.id.NominalId(u32)(1), 
        "flags": [
          
        ], 
        "bindings": {
          
        }, "children": [
          {
            "id": semantic.id.NominalId(u32)(2), 
            "flags": [
              "function", 
              
            ], 
            "bindings": {
              
            }, "children": [
              {
                "id": semantic.id.NominalId(u32)(3), 
                "flags": [
                  "block", 
                  
                ], 
                "bindings": {
                  "x": 2, 
                  
                }, "children": [
                  {
                    "id": semantic.id.NominalId(u32)(4), 
                    "flags": [
                      "block", 
                      
                    ], 
                    "bindings": {
                      
                    }, "children": [], 
                    
                  }, 
                ], 
              }, 
            ], 
          }, 
        ], 
      }, {
        "id": semantic.id.NominalId(u32)(5), 
        "flags": [
          
        ], 
        "bindings": {
          
        }, "children": [
          {
            "id": semantic.id.NominalId(u32)(6), 
            "flags": [
              "function", 
              
            ], 
            "bindings": {
              
            }, "children": [
              {
                "id": semantic.id.NominalId(u32)(7), 
                "flags": [
                  "block", 
                  
                ], 
                "bindings": {
                  "y": 4, 
                  
                }, "children": [
                  {
                    "id": semantic.id.NominalId(u32)(8), 
                    "flags": [
                      "block", 
                      
                    ], 
                    "bindings": {
                      
                    }, "children": [], 
                    
                  }, 
                ], 
              }, 
            ], 
          }, 
        ], 
      }, {
        "id": semantic.id.NominalId(u32)(9), 
        "flags": [
          
        ], 
        "bindings": {
          
        }, "children": [
          {
            "id": semantic.id.NominalId(u32)(10), 
            "flags": [
              "function", 
              
            ], 
            "bindings": {
              
            }, "children": [
              {
                "id": semantic.id.NominalId(u32)(11), 
                "flags": [
                  "block", 
                  
                ], 
                "bindings": {
                  "z": 6, 
                  
                }, "children": [
                  {
                    "id": semantic.id.NominalId(u32)(12), 
                    "flags": [
                      "block", 
                      
                    ], 
                    "bindings": {
                      "a": 7, 
                      
                    }, "children": [], 
                    
                  }, 
                ], 
              }, 
            ], 
          }, 
        ], 
      }, {
        "id": semantic.id.NominalId(u32)(13), 
        "flags": [
          
        ], 
        "bindings": {
          
        }, "children": [
          {
            "id": semantic.id.NominalId(u32)(14), 
            "flags": [
              "function", 
              
            ], 
            "bindings": {
              
            }, "children": [
              {
                "id": semantic.id.NominalId(u32)(15), 
                "flags": [
                  "block", 
                  
                ], 
                "bindings": {
                  "a": 9, 
                  
                }, "children": [
                  {
                    "id": semantic.id.NominalId(u32)(16), 
                    "flags": [
                      "block", 
                      
                    ], 
                    "bindings": {
                      "b": 10, 
                      "c": 11, 
                      "d": 12, 
                      "e": 13, 
                      "f": 14, 
                      
                    }, "children": [], 
                    
                  }, 
                ], 
              }, 
            ], 
          }, 
        ], 
      }, 
    ], 
  }, 
}