{
  "symbols": [
    {
      "name": "@This()", 
      "declNode": 0, 
      "scope": 0, 
      "flags": {"s_comptime":false,"s_const":true,"s_member":false,"s_fn":false}, 
      "members": [1,2,5], 
      "exports": [], 
      
    }, {
      "name": "std", 
      "declNode": 1, 
      "scope": 0, 
      "flags": {"s_comptime":false,"s_const":false,"s_member":false,"s_fn":false}, 
      "members": [], 
      "exports": [], 
      
    }, {
      "name": "Managed", 
      "declNode": 4, 
      "scope": 0, 
      "flags": {"s_comptime":false,"s_const":false,"s_member":false,"s_fn":false}, 
      "members": [3,4], 
      "exports": [], 
      
    }, {
      "name": "allocator", 
      "declNode": 15, 
      "scope": 0, 
      "flags": {"s_comptime":false,"s_const":false,"s_member":false,"s_fn":false}, 
      "members": [], 
      "exports": [], 
      
    }, {
      "name": "a", 
      "declNode": 19, 
      "scope": 0, 
      "flags": {"s_comptime":false,"s_const":false,"s_member":false,"s_fn":false}, 
      "members": [], 
      "exports": [], 
      
    }, {
      "name": "main", 
      "declNode": 14, 
      "scope": 0, 
      "flags": {"s_comptime":false,"s_const":false,"s_member":false,"s_fn":true}, 
      "members": [], 
      "exports": [], 
      
    }, 
  ], 
  "scopes": {
    "id": 0, 
    "flags": [
      "top", 
      
    ], 
    "children": [
      {
        "id": 1, 
        "flags": [
          
        ], 
        "children": [
          {
            "id": 2, 
            "flags": [
              "function", 
              
            ], 
            "children": [
              {
                "id": 3, 
                "flags": [
                  "block", 
                  
                ], 
                "children": [], 
                
              }, 
            ], 
          }, 
        ], 
      }, 
    ], 
  }, 
}