{
  "symbols": [
    {
      "name": "@This()", 
      "declNode": "root", 
      "scope": 0, 
      "flags": {"s_comptime":false,"s_const":true,"s_member":false,"s_fn":false}, 
      "members": [1,2,3,4,5,6,7,8,9,10,11,12,13,14,15,16,17,18,19], 
      "exports": [], 
      
    }, {
      "name": "std", 
      "declNode": "simple_var_decl", 
      "scope": 0, 
      "flags": {"s_comptime":false,"s_const":false,"s_member":false,"s_fn":false}, 
      "members": [], 
      "exports": [], 
      
    }, {
      "name": "simpleWhile", 
      "declNode": "fn_decl", 
      "scope": 0, 
      "flags": {"s_comptime":false,"s_const":false,"s_member":false,"s_fn":true}, 
      "members": [], 
      "exports": [], 
      
    }, {
      "name": "i", 
      "declNode": "simple_var_decl", 
      "scope": 3, 
      "flags": {"s_comptime":false,"s_const":false,"s_member":false,"s_fn":false}, 
      "members": [], 
      "exports": [], 
      
    }, {
      "name": "power_of_two", 
      "declNode": "simple_var_decl", 
      "scope": 4, 
      "flags": {"s_comptime":false,"s_const":false,"s_member":false,"s_fn":false}, 
      "members": [], 
      "exports": [], 
      
    }, {
      "name": "whileWithClosure", 
      "declNode": "fn_decl", 
      "scope": 0, 
      "flags": {"s_comptime":false,"s_const":false,"s_member":false,"s_fn":true}, 
      "members": [], 
      "exports": [], 
      
    }, {
      "name": "map", 
      "declNode": "simple_var_decl", 
      "scope": 11, 
      "flags": {"s_comptime":false,"s_const":false,"s_member":false,"s_fn":false}, 
      "members": [], 
      "exports": [], 
      
    }, {
      "name": "whileWithExpr", 
      "declNode": "fn_decl", 
      "scope": 11, 
      "flags": {"s_comptime":false,"s_const":false,"s_member":false,"s_fn":true}, 
      "members": [], 
      "exports": [], 
      
    }, {
      "name": "x", 
      "declNode": "simple_var_decl", 
      "scope": 18, 
      "flags": {"s_comptime":false,"s_const":false,"s_member":false,"s_fn":false}, 
      "members": [], 
      "exports": [], 
      
    }, {
      "name": "y", 
      "declNode": "simple_var_decl", 
      "scope": 18, 
      "flags": {"s_comptime":false,"s_const":false,"s_member":false,"s_fn":false}, 
      "members": [], 
      "exports": [], 
      
    }, {
      "name": "my_xy", 
      "declNode": "simple_var_decl", 
      "scope": 20, 
      "flags": {"s_comptime":false,"s_const":false,"s_member":false,"s_fn":false}, 
      "members": [], 
      "exports": [], 
      
    }, {
      "name": "iter", 
      "declNode": "simple_var_decl", 
      "scope": 11, 
      "flags": {"s_comptime":false,"s_const":false,"s_member":false,"s_fn":false}, 
      "members": [], 
      "exports": [], 
      
    }, {
      "name": "k", 
      "declNode": "simple_var_decl", 
      "scope": 21, 
      "flags": {"s_comptime":false,"s_const":false,"s_member":false,"s_fn":false}, 
      "members": [], 
      "exports": [], 
      
    }, {
      "name": "v", 
      "declNode": "simple_var_decl", 
      "scope": 21, 
      "flags": {"s_comptime":false,"s_const":false,"s_member":false,"s_fn":false}, 
      "members": [], 
      "exports": [], 
      
    }, {
      "name": "whileWithExpr", 
      "declNode": "fn_decl", 
      "scope": 0, 
      "flags": {"s_comptime":false,"s_const":false,"s_member":false,"s_fn":true}, 
      "members": [], 
      "exports": [], 
      
    }, {
      "name": "x", 
      "declNode": "simple_var_decl", 
      "scope": 28, 
      "flags": {"s_comptime":false,"s_const":false,"s_member":false,"s_fn":false}, 
      "members": [], 
      "exports": [], 
      
    }, {
      "name": "y", 
      "declNode": "simple_var_decl", 
      "scope": 28, 
      "flags": {"s_comptime":false,"s_const":false,"s_member":false,"s_fn":false}, 
      "members": [], 
      "exports": [], 
      
    }, {
      "name": "my_xy", 
      "declNode": "simple_var_decl", 
      "scope": 30, 
      "flags": {"s_comptime":false,"s_const":false,"s_member":false,"s_fn":false}, 
      "members": [], 
      "exports": [], 
      
    }, {
      "name": "rangeHasNumber", 
      "declNode": "fn_decl", 
      "scope": 0, 
      "flags": {"s_comptime":false,"s_const":false,"s_member":false,"s_fn":true}, 
      "members": [], 
      "exports": [], 
      
    }, {
      "name": "i", 
      "declNode": "simple_var_decl", 
      "scope": 33, 
      "flags": {"s_comptime":false,"s_const":false,"s_member":false,"s_fn":false}, 
      "members": [], 
      "exports": [], 
      
    }, 
  ], 
  "scopes": {
    "id": 0, 
    "flags": [
      "top", 
      
    ], 
    "children": [
      {
        "id": 1, 
        "flags": [
          
        ], 
        "children": [
          {
            "id": 2, 
            "flags": [
              "function", 
              
            ], 
            "children": [
              {
                "id": 3, 
                "flags": [
                  "block", 
                  
                ], 
                "children": [
                  {
                    "id": 4, 
                    "flags": [
                      "block", 
                      
                    ], 
                    "children": [
                      {
                        "id": 5, 
                        "flags": [
                          "block", 
                          
                        ], 
                        "children": [
                          {
                            "id": 6, 
                            "flags": [
                              "block", 
                              
                            ], 
                            "children": [], 
                            
                          }, 
                        ], 
                      }, {
                        "id": 7, 
                        "flags": [
                          "block", 
                          
                        ], 
                        "children": [
                          {
                            "id": 8, 
                            "flags": [
                              "block", 
                              
                            ], 
                            "children": [], 
                            
                          }, 
                        ], 
                      }, 
                    ], 
                  }, 
                ], 
              }, 
            ], 
          }, 
        ], 
      }, {
        "id": 9, 
        "flags": [
          
        ], 
        "children": [
          {
            "id": 10, 
            "flags": [
              "function", 
              
            ], 
            "children": [
              {
                "id": 11, 
                "flags": [
                  "block", 
                  
                ], 
                "children": [
                  {
                    "id": 12, 
                    "flags": [
                      "block", 
                      
                    ], 
                    "children": [
                      {
                        "id": 13, 
                        "flags": [
                          "block", 
                          
                        ], 
                        "children": [], 
                        
                      }, 
                    ], 
                  }, {
                    "id": 14, 
                    "flags": [
                      "block", 
                      
                    ], 
                    "children": [
                      {
                        "id": 15, 
                        "flags": [
                          "block", 
                          
                        ], 
                        "children": [], 
                        
                      }, 
                    ], 
                  }, {
                    "id": 16, 
                    "flags": [
                      
                    ], 
                    "children": [
                      {
                        "id": 17, 
                        "flags": [
                          "function", 
                          
                        ], 
                        "children": [
                          {
                            "id": 18, 
                            "flags": [
                              "block", 
                              
                            ], 
                            "children": [
                              {
                                "id": 19, 
                                "flags": [
                                  "block", 
                                  
                                ], 
                                "children": [], 
                                
                              }, {
                                "id": 20, 
                                "flags": [
                                  "block", 
                                  
                                ], 
                                "children": [], 
                                
                              }, 
                            ], 
                          }, 
                        ], 
                      }, 
                    ], 
                  }, {
                    "id": 21, 
                    "flags": [
                      "block", 
                      
                    ], 
                    "children": [
                      {
                        "id": 22, 
                        "flags": [
                          "block", 
                          
                        ], 
                        "children": [
                          {
                            "id": 23, 
                            "flags": [
                              "block", 
                              
                            ], 
                            "children": [], 
                            
                          }, 
                        ], 
                      }, {
                        "id": 24, 
                        "flags": [
                          "block", 
                          
                        ], 
                        "children": [
                          {
                            "id": 25, 
                            "flags": [
                              "block", 
                              
                            ], 
                            "children": [], 
                            
                          }, 
                        ], 
                      }, 
                    ], 
                  }, 
                ], 
              }, 
            ], 
          }, 
        ], 
      }, {
        "id": 26, 
        "flags": [
          
        ], 
        "children": [
          {
            "id": 27, 
            "flags": [
              "function", 
              
            ], 
            "children": [
              {
                "id": 28, 
                "flags": [
                  "block", 
                  
                ], 
                "children": [
                  {
                    "id": 29, 
                    "flags": [
                      "block", 
                      
                    ], 
                    "children": [], 
                    
                  }, {
                    "id": 30, 
                    "flags": [
                      "block", 
                      
                    ], 
                    "children": [], 
                    
                  }, 
                ], 
              }, 
            ], 
          }, 
        ], 
      }, {
        "id": 31, 
        "flags": [
          
        ], 
        "children": [
          {
            "id": 32, 
            "flags": [
              "function", 
              
            ], 
            "children": [
              {
                "id": 33, 
                "flags": [
                  "block", 
                  
                ], 
                "children": [
                  {
                    "id": 34, 
                    "flags": [
                      "block", 
                      
                    ], 
                    "children": [
                      {
                        "id": 35, 
                        "flags": [
                          "block", 
                          
                        ], 
                        "children": [], 
                        
                      }, 
                    ], 
                  }, {
                    "id": 36, 
                    "flags": [
                      "block", 
                      
                    ], 
                    "children": [
                      {
                        "id": 37, 
                        "flags": [
                          "block", 
                          
                        ], 
                        "children": [], 
                        
                      }, 
                    ], 
                  }, 
                ], 
              }, 
            ], 
          }, 
        ], 
      }, 
    ], 
  }, 
}