{
  "symbols": [
    {
      "name": "@This()", 
      "declNode": 0, 
      "scope": 0, 
      "flags": {"s_comptime":false,"s_const":true,"s_member":false,"s_fn":false}, 
      "members": [1,2,3,4,5,6], 
      "exports": [], 
      
    }, {
      "name": "a", 
      "declNode": 2, 
      "scope": 0, 
      "flags": {"s_comptime":false,"s_const":false,"s_member":true,"s_fn":false}, 
      "members": [], 
      "exports": [], 
      
    }, {
      "name": "b", 
      "declNode": 6, 
      "scope": 0, 
      "flags": {"s_comptime":false,"s_const":false,"s_member":true,"s_fn":false}, 
      "members": [], 
      "exports": [], 
      
    }, {
      "name": "Foo", 
      "declNode": 7, 
      "scope": 0, 
      "flags": {"s_comptime":false,"s_const":false,"s_member":false,"s_fn":false}, 
      "members": [], 
      "exports": [], 
      
    }, {
      "name": "new", 
      "declNode": 11, 
      "scope": 0, 
      "flags": {"s_comptime":false,"s_const":false,"s_member":false,"s_fn":true}, 
      "members": [], 
      "exports": [], 
      
    }, {
      "name": "a", 
      "declNode": 2, 
      "scope": 2, 
      "flags": {"s_comptime":false,"s_const":false,"s_member":true,"s_fn":false}, 
      "members": [], 
      "exports": [], 
      
    }, {
      "name": "a", 
      "declNode": 2, 
      "scope": 2, 
      "flags": {"s_comptime":false,"s_const":false,"s_member":true,"s_fn":false}, 
      "members": [], 
      "exports": [], 
      
    }, 
  ], 
  "scopes": {
    "id": 0, 
    "flags": [
      "top", 
      
    ], 
    "children": [
      {
        "id": 1, 
        "flags": [
          
        ], 
        "children": [
          {
            "id": 2, 
            "flags": [
              "function", 
              
            ], 
            "children": [], 
            
          }, 
        ], 
      }, 
    ], 
  }, 
}