{
  "symbols": [
    {
      "name": "", 
      "debugName": "@This()", 
      "declNode": "root", 
      "scope": semantic.id.NominalId(u32)(0), 
      "flags": ["s_const"], 
      "references": [
        
      ], 
      "members": [1], 
      "exports": [], 
      
    }, 
    {
      "name": "foo", 
      "debugName": "", 
      "declNode": "simple_var_decl", 
      "scope": semantic.id.NominalId(u32)(0), 
      "flags": [], 
      "references": [
        
      ], 
      "members": [], 
      "exports": [], 
      
    }, 
  ], 
  "unresolvedReferences": [],
  "scopes": {
    "id": semantic.id.NominalId(u32)(0), 
    "flags": ["s_top"], 
    "bindings": {
      "@This()": 0, 
      "foo": 1, 
      
    }, 
    "children": [], 
    
  }, 
}