  𝙭 duplicate-case: Switch statement has duplicate cases
   ╭─[duplicate-case.zig:3:5]
 2 │   const x = switch (1) {
 3 │     1 => 1,
   ·     ──────
 4 │     else => 1,
   ·     ─────────
   ╰────

  𝙭 duplicate-case: Switch statement has duplicate cases
   ╭─[duplicate-case.zig:3:5]
 2 │   const x = switch (1) {
 3 │     1 => y + 1,
   ·     ──────────
 4 │     else => 1 + y,
   ·     ─────────────
   ╰────

  𝙭 duplicate-case: Switch statement has duplicate cases
   ╭─[duplicate-case.zig:3:5]
 2 │   const x = switch (y) {
 3 │     1 => 1 * y + 1,
   ·     ──────────────
 4 │     else => 1 + y * 1,
   ·     ─────────────────
   ╰────

