  𝙭 empty-file: empty-file.zig is completely empty


  𝙭 empty-file: empty-file.zig only contains whitespace


  𝙭 empty-file: empty-file.zig only contains whitespace


