  𝙭 returned-stack-reference: Returning a reference to stack-allocated memory is undefined behavior.
   ╭─[returned-stack-reference.zig:1:22]
 1 │ fn foo()  *u32 { var x: u32 = 1; return &x; }
   ·                      ┬
   ·                      ╰── Variable is declared locally here
   ·                                         ─┬─
   ·                                          ╰── This pointer refers to a local variable
   ╰────

  𝙭 returned-stack-reference: Returning a reference to stack-allocated memory is undefined behavior.
   ╭─[returned-stack-reference.zig:1:22]
 1 │ fn foo() !*u32 { var x: u32 = 1; return &x; }
   ·                      ┬
   ·                      ╰── Variable is declared locally here
   ·                                         ─┬─
   ·                                          ╰── This pointer refers to a local variable
   ╰────

  𝙭 returned-stack-reference: Returning a reference to stack-allocated memory is undefined behavior.
   ╭─[returned-stack-reference.zig:1:22]
 1 │ fn foo() ?*u32 { var x: u32 = 1; return &x; }
   ·                      ┬
   ·                      ╰── Variable is declared locally here
   ·                                         ─┬─
   ·                                          ╰── This pointer refers to a local variable
   ╰────

  𝙭 returned-stack-reference: Returning a reference to stack-allocated memory is undefined behavior.
   ╭─[returned-stack-reference.zig:3:7]
 2 │ fn foo() X {
 3 │   var x: u32 = 1;
   ·       ┬
   ·       ╰── Variable is declared locally here
 4 │   return .{ .p = &x };
   ·                  ─┬─
   ·                   ╰── This pointer refers to a local variable
   ╰────

