  𝙭 snake-case-fn: Function ThisFunctionIsInPascalCase name is in PascalCase. It should be camelCase


  𝙭 snake-case-fn: Function @"this-one-is-in-kebab-case" name is in kebab-case. It should be camelCase


  𝙭 snake-case-fn: Function this_one_is_in_snake_case name is in snake_case. It should be camelCase


