Passed: 99.34211% (453/456)
Panics: 0% (0/456)

src/cli/list_themes.zig: error.FullMismatch
src/terminal/PageList.zig: error.FullMismatch
src/terminal/Parser.zig: error.FullMismatch
